---- Deploy started: "2025-12-03T23:00:39Z" ----
HEAD est maintenant à 44a4048 fix(api): Added server IP to FRONTEND_ORIGING on app.js
time="2025-12-04T00:00:44+01:00" level=warning msg="The \"GITHUB_TOKEN\" variable is not set. Defaulting to a blank string."
time="2025-12-04T00:00:44+01:00" level=warning msg="/opt/Portfolio/docker-compose.yml: the attribute `version` is obsolete, it will be ignored, please remove it to avoid potential confusion"
#1 [internal] load local bake definitions
#1 reading from stdin 917B done
#1 DONE 0.0s

#2 [frontend internal] load build definition from Dockerfile
#2 transferring dockerfile: 841B done
#2 DONE 0.1s

#3 [backend internal] load build definition from Dockerfile
#3 transferring dockerfile: 587B done
#3 DONE 0.1s

#4 [backend internal] load metadata for docker.io/library/node:20-bullseye-slim
#4 DONE 0.9s

#5 [frontend internal] load metadata for docker.io/library/nginx:stable-alpine
#5 DONE 0.9s

#6 [backend internal] load .dockerignore
#6 transferring context: 87B done
#6 DONE 0.0s

#7 [frontend internal] load .dockerignore
#7 transferring context: 2B done
#7 DONE 0.0s

#8 [frontend production 1/3] FROM docker.io/library/nginx:stable-alpine@sha256:30f1c0d78e0ad60901648be663a710bdadf19e4c10ac6782c235200619158284
#8 DONE 0.0s

#9 [frontend base 1/2] FROM docker.io/library/node:20-bullseye-slim@sha256:684568dbcb1ddb438bab4d41944bb00f71810691e691dd1c42d61fc18d90bd03
#9 DONE 0.0s

#10 [frontend internal] load build context
#10 ...

#11 [backend internal] load build context
#11 transferring context: 2.85kB 0.0s done
#11 DONE 0.1s

#10 [frontend internal] load build context
#10 transferring context: 4.83kB 0.0s done
#10 DONE 0.2s

#12 [backend base 2/2] WORKDIR /usr/src/app
#12 CACHED

#13 [backend deps 1/2] COPY package.json package-lock.json* ./
#13 CACHED

#14 [backend deps 2/2] RUN if [ -f package-lock.json ]; then       npm ci --omit=dev;     else       npm install --production --no-audit --no-fund;     fi
#14 CACHED

#15 [backend runner 1/2] COPY --from=deps /usr/src/app/node_modules ./node_modules
#15 CACHED

#16 [frontend builder 5/6] COPY . .
#16 CACHED

#17 [frontend production 2/3] COPY --from=builder /app/dist /usr/share/nginx/html
#17 CACHED

#18 [frontend builder 2/6] WORKDIR /app
#18 CACHED

#19 [frontend builder 6/6] RUN npm run build
#19 CACHED

#20 [frontend builder 3/6] COPY package.json package-lock.json* ./
#20 CACHED

#21 [frontend builder 4/6] RUN if [ -f package-lock.json ]; then       npm ci;     else       npm install;     fi
#21 CACHED

#22 [frontend production 3/3] COPY nginx.conf /etc/nginx/conf.d/default.conf
#22 CACHED

#23 [frontend] exporting to image
#23 exporting layers done
#23 writing image sha256:954f9133507a05060798e959a0b7f8df11131e1ee4224e9e99089abb24ea1491 0.0s done
#23 naming to docker.io/library/portfolio-frontend 0.0s done
#23 DONE 0.1s

#24 [backend runner 2/2] COPY . .
#24 DONE 0.5s

#25 [frontend] resolving provenance for metadata file
#25 DONE 0.0s

#26 [backend] exporting to image
#26 exporting layers 0.2s done
#26 writing image sha256:a49f49a423d9c108eb07bd5868b3213b4751ca322fa3916f6eab2e3c784d549a done
#26 naming to docker.io/library/portfolio-backend done
#26 DONE 0.2s

#27 [backend] resolving provenance for metadata file
#27 DONE 0.0s
 portfolio-backend  Built
 portfolio-frontend  Built
time="2025-12-04T00:00:48+01:00" level=warning msg="The \"GITHUB_TOKEN\" variable is not set. Defaulting to a blank string."
time="2025-12-04T00:00:48+01:00" level=warning msg="/opt/Portfolio/docker-compose.yml: the attribute `version` is obsolete, it will be ignored, please remove it to avoid potential confusion"
 Container portfolio-redis-1  Running
 Container portfolio-backend  Recreate
 Container portfolio-backend  Recreated
 Container portfolio-frontend  Running
 Container portfolio-backend  Starting
 Container portfolio-backend  Started
Deleted Images:
deleted: sha256:b4ed6b31c6e01b03fd7021335410fc97ee56f9efb7517a4ec6797909af808dc6

Total reclaimed space: 0B
---- Deploy finished: "2025-12-03T23:01:00Z" ----
---- Deploy started: "2025-12-03T23:02:06Z" ----
HEAD est maintenant à 9573cc3 fix(cors): allow all origins and add IP without port
time="2025-12-04T00:02:09+01:00" level=warning msg="The \"GITHUB_TOKEN\" variable is not set. Defaulting to a blank string."
time="2025-12-04T00:02:09+01:00" level=warning msg="/opt/Portfolio/docker-compose.yml: the attribute `version` is obsolete, it will be ignored, please remove it to avoid potential confusion"
#1 [internal] load local bake definitions
#1 reading from stdin 917B done
#1 DONE 0.0s

#2 [backend internal] load build definition from Dockerfile
#2 transferring dockerfile: 587B done
#2 DONE 0.1s

#3 [frontend internal] load build definition from Dockerfile
#3 transferring dockerfile: 841B done
#3 DONE 0.1s

#4 [backend internal] load metadata for docker.io/library/node:20-bullseye-slim
#4 DONE 0.5s

#5 [frontend internal] load metadata for docker.io/library/nginx:stable-alpine
#5 DONE 0.5s

#6 [backend internal] load .dockerignore
#6 transferring context:
#6 transferring context: 87B 0.5s done
#6 DONE 1.1s

#7 [frontend internal] load .dockerignore
#7 transferring context: 2B 0.0s done
#7 DONE 1.2s

#8 [frontend production 1/3] FROM docker.io/library/nginx:stable-alpine@sha256:30f1c0d78e0ad60901648be663a710bdadf19e4c10ac6782c235200619158284
#8 DONE 0.0s

#9 [frontend base 1/2] FROM docker.io/library/node:20-bullseye-slim@sha256:684568dbcb1ddb438bab4d41944bb00f71810691e691dd1c42d61fc18d90bd03
#9 DONE 0.0s

#10 [backend internal] load build context
#10 transferring context: 3.02kB 0.1s done
#10 DONE 0.1s

#11 [backend base 2/2] WORKDIR /usr/src/app
#11 CACHED

#12 [backend deps 1/2] COPY package.json package-lock.json* ./
#12 CACHED

#13 [backend deps 2/2] RUN if [ -f package-lock.json ]; then       npm ci --omit=dev;     else       npm install --production --no-audit --no-fund;     fi
#13 CACHED

#14 [backend runner 1/2] COPY --from=deps /usr/src/app/node_modules ./node_modules
#14 CACHED

#15 [frontend internal] load build context
#15 transferring context: 4.83kB 0.1s done
#15 DONE 0.2s

#16 [backend runner 2/2] COPY . .
#16 ...

#17 [frontend builder 4/6] RUN if [ -f package-lock.json ]; then       npm ci;     else       npm install;     fi
#17 CACHED

#18 [frontend builder 5/6] COPY . .
#18 CACHED

#19 [frontend builder 6/6] RUN npm run build
#19 CACHED

#20 [frontend production 2/3] COPY --from=builder /app/dist /usr/share/nginx/html
#20 CACHED

#21 [frontend builder 2/6] WORKDIR /app
#21 CACHED

#22 [frontend builder 3/6] COPY package.json package-lock.json* ./
#22 CACHED

#23 [frontend production 3/3] COPY nginx.conf /etc/nginx/conf.d/default.conf
#23 CACHED

#24 [frontend] exporting to image
#24 exporting layers done
#24 writing image sha256:954f9133507a05060798e959a0b7f8df11131e1ee4224e9e99089abb24ea1491 0.0s done
#24 naming to docker.io/library/portfolio-frontend 0.0s done
#24 DONE 0.1s

#16 [backend runner 2/2] COPY . .
#16 DONE 0.9s

#25 [backend] exporting to image
#25 exporting layers 0.2s done
#25 ...

#26 [frontend] resolving provenance for metadata file
#26 DONE 0.3s

#25 [backend] exporting to image
#25 writing image sha256:992777272b21da0896b701fa1e8c909ed6fec3c67ea1d85a52bd7e11d8f72065 0.0s done
#25 naming to docker.io/library/portfolio-backend 0.0s done
#25 DONE 0.4s

#27 [backend] resolving provenance for metadata file
#27 DONE 0.0s
 portfolio-backend  Built
 portfolio-frontend  Built
time="2025-12-04T00:02:19+01:00" level=warning msg="The \"GITHUB_TOKEN\" variable is not set. Defaulting to a blank string."
time="2025-12-04T00:02:19+01:00" level=warning msg="/opt/Portfolio/docker-compose.yml: the attribute `version` is obsolete, it will be ignored, please remove it to avoid potential confusion"
 Container portfolio-redis-1  Running
 Container portfolio-backend  Recreate
 Container portfolio-backend  Recreated
 Container portfolio-frontend  Running
 Container portfolio-backend  Starting
 Container portfolio-backend  Started
Deleted Images:
deleted: sha256:a49f49a423d9c108eb07bd5868b3213b4751ca322fa3916f6eab2e3c784d549a

Total reclaimed space: 0B
---- Deploy finished: "2025-12-03T23:02:31Z" ----
---- Deploy started: "2025-12-03T23:03:23Z" ----
HEAD est maintenant à f995696 fix(cors): strict whitelist for production security
time="2025-12-04T00:03:25+01:00" level=warning msg="The \"GITHUB_TOKEN\" variable is not set. Defaulting to a blank string."
time="2025-12-04T00:03:25+01:00" level=warning msg="/opt/Portfolio/docker-compose.yml: the attribute `version` is obsolete, it will be ignored, please remove it to avoid potential confusion"
#1 [internal] load local bake definitions
#1 reading from stdin 917B done
#1 DONE 0.0s

#2 [backend internal] load build definition from Dockerfile
#2 transferring dockerfile: 587B 0.0s done
#2 DONE 0.1s

#3 [frontend internal] load build definition from Dockerfile
#3 transferring dockerfile: 841B done
#3 DONE 0.1s

#4 [backend internal] load metadata for docker.io/library/node:20-bullseye-slim
#4 DONE 0.4s

#5 [frontend internal] load metadata for docker.io/library/nginx:stable-alpine
#5 DONE 0.4s

#6 [backend internal] load .dockerignore
#6 transferring context: 87B done
#6 DONE 0.0s

#7 [backend internal] load build context
#7 DONE 0.0s

#8 [backend base 1/2] FROM docker.io/library/node:20-bullseye-slim@sha256:684568dbcb1ddb438bab4d41944bb00f71810691e691dd1c42d61fc18d90bd03
#8 DONE 0.0s

#9 [frontend internal] load .dockerignore
#9 transferring context: 2B done
#9 DONE 0.1s

#8 [frontend base 1/2] FROM docker.io/library/node:20-bullseye-slim@sha256:684568dbcb1ddb438bab4d41944bb00f71810691e691dd1c42d61fc18d90bd03
#8 DONE 0.0s

#10 [frontend production 1/3] FROM docker.io/library/nginx:stable-alpine@sha256:30f1c0d78e0ad60901648be663a710bdadf19e4c10ac6782c235200619158284
#10 DONE 0.0s

#7 [backend internal] load build context
#7 transferring context: 2.89kB 0.0s done
#7 DONE 0.0s

#11 [frontend internal] load build context
#11 transferring context: 4.83kB 0.0s done
#11 DONE 0.1s

#12 [backend deps 1/2] COPY package.json package-lock.json* ./
#12 CACHED

#13 [backend deps 2/2] RUN if [ -f package-lock.json ]; then       npm ci --omit=dev;     else       npm install --production --no-audit --no-fund;     fi
#13 CACHED

#14 [backend base 2/2] WORKDIR /usr/src/app
#14 CACHED

#15 [backend runner 1/2] COPY --from=deps /usr/src/app/node_modules ./node_modules
#15 CACHED

#16 [frontend builder 6/6] RUN npm run build
#16 CACHED

#17 [frontend builder 3/6] COPY package.json package-lock.json* ./
#17 CACHED

#18 [frontend builder 2/6] WORKDIR /app
#18 CACHED

#19 [frontend builder 4/6] RUN if [ -f package-lock.json ]; then       npm ci;     else       npm install;     fi
#19 CACHED

#20 [frontend production 2/3] COPY --from=builder /app/dist /usr/share/nginx/html
#20 CACHED

#21 [frontend builder 5/6] COPY . .
#21 CACHED

#22 [frontend production 3/3] COPY nginx.conf /etc/nginx/conf.d/default.conf
#22 CACHED

#23 [frontend] exporting to image
#23 exporting layers done
#23 writing image sha256:954f9133507a05060798e959a0b7f8df11131e1ee4224e9e99089abb24ea1491 0.0s done
#23 naming to docker.io/library/portfolio-frontend done
#23 DONE 0.1s

#24 [backend runner 2/2] COPY . .
#24 DONE 0.6s

#25 [frontend] resolving provenance for metadata file
#25 DONE 0.3s

#26 [backend] exporting to image
#26 exporting layers 0.1s done
#26 writing image sha256:d18eac0d003d271975a3d4831a3b3234060f08912b95898c481aa600905391c9 done
#26 naming to docker.io/library/portfolio-backend done
#26 DONE 0.2s

#27 [backend] resolving provenance for metadata file
#27 DONE 0.0s
 portfolio-frontend  Built
 portfolio-backend  Built
time="2025-12-04T00:03:28+01:00" level=warning msg="The \"GITHUB_TOKEN\" variable is not set. Defaulting to a blank string."
time="2025-12-04T00:03:28+01:00" level=warning msg="/opt/Portfolio/docker-compose.yml: the attribute `version` is obsolete, it will be ignored, please remove it to avoid potential confusion"
 Container portfolio-redis-1  Running
 Container portfolio-backend  Recreate
 Container portfolio-backend  Recreated
 Container portfolio-frontend  Running
 Container portfolio-backend  Starting
 Container portfolio-backend  Started
Deleted Images:
deleted: sha256:992777272b21da0896b701fa1e8c909ed6fec3c67ea1d85a52bd7e11d8f72065

Total reclaimed space: 0B
---- Deploy finished: "2025-12-03T23:03:40Z" ----
---- Deploy started: "2025-12-03T23:08:18Z" ----
HEAD est maintenant à ad5debb fix(auth): use SameSite=None for cross-origin cookie auth
time="2025-12-04T00:08:20+01:00" level=warning msg="The \"GITHUB_TOKEN\" variable is not set. Defaulting to a blank string."
time="2025-12-04T00:08:20+01:00" level=warning msg="/opt/Portfolio/docker-compose.yml: the attribute `version` is obsolete, it will be ignored, please remove it to avoid potential confusion"
#1 [internal] load local bake definitions
#1 reading from stdin 917B done
#1 DONE 0.0s

#2 [backend internal] load build definition from Dockerfile
#2 transferring dockerfile: 587B done
#2 DONE 0.1s

#3 [frontend internal] load build definition from Dockerfile
#3 transferring dockerfile: 841B 0.0s done
#3 DONE 0.1s

#4 [backend internal] load metadata for docker.io/library/node:20-bullseye-slim
#4 ...

#5 [frontend internal] load metadata for docker.io/library/nginx:stable-alpine
#5 DONE 1.0s

#4 [backend internal] load metadata for docker.io/library/node:20-bullseye-slim
#4 DONE 1.0s

#6 [frontend internal] load .dockerignore
#6 transferring context: 2B done
#6 DONE 0.0s

#7 [backend internal] load .dockerignore
#7 transferring context: 87B 0.0s done
#7 DONE 0.1s

#8 [backend builder 1/6] FROM docker.io/library/node:20-bullseye-slim@sha256:684568dbcb1ddb438bab4d41944bb00f71810691e691dd1c42d61fc18d90bd03
#8 DONE 0.0s

#9 [frontend production 1/3] FROM docker.io/library/nginx:stable-alpine@sha256:30f1c0d78e0ad60901648be663a710bdadf19e4c10ac6782c235200619158284
#9 DONE 0.0s

#10 [backend internal] load build context
#10 transferring context: 3.22kB done
#10 DONE 0.0s

#11 [frontend internal] load build context
#11 transferring context: 4.83kB 0.0s done
#11 DONE 0.1s

#12 [backend base 2/2] WORKDIR /usr/src/app
#12 CACHED

#13 [backend deps 1/2] COPY package.json package-lock.json* ./
#13 CACHED

#14 [backend deps 2/2] RUN if [ -f package-lock.json ]; then       npm ci --omit=dev;     else       npm install --production --no-audit --no-fund;     fi
#14 CACHED

#15 [backend runner 1/2] COPY --from=deps /usr/src/app/node_modules ./node_modules
#15 CACHED

#16 [frontend builder 2/6] WORKDIR /app
#16 CACHED

#17 [frontend builder 4/6] RUN if [ -f package-lock.json ]; then       npm ci;     else       npm install;     fi
#17 CACHED

#18 [frontend builder 5/6] COPY . .
#18 CACHED

#19 [frontend production 2/3] COPY --from=builder /app/dist /usr/share/nginx/html
#19 CACHED

#20 [frontend builder 3/6] COPY package.json package-lock.json* ./
#20 CACHED

#21 [frontend builder 6/6] RUN npm run build
#21 CACHED

#22 [frontend production 3/3] COPY nginx.conf /etc/nginx/conf.d/default.conf
#22 CACHED

#23 [frontend] exporting to image
#23 exporting layers done
#23 writing image sha256:954f9133507a05060798e959a0b7f8df11131e1ee4224e9e99089abb24ea1491 0.0s done
#23 naming to docker.io/library/portfolio-frontend 0.0s done
#23 DONE 0.1s

#24 [backend runner 2/2] COPY . .
#24 DONE 0.6s

#25 [frontend] resolving provenance for metadata file
#25 DONE 0.3s

#26 [backend] exporting to image
#26 exporting layers 0.1s done
#26 writing image sha256:92300814fc13ba4e7280adb3e4f8bfcadcb398455360f2db27a667b649f7c6c7 done
#26 naming to docker.io/library/portfolio-backend done
#26 DONE 0.1s

#27 [backend] resolving provenance for metadata file
#27 DONE 0.0s
 portfolio-backend  Built
 portfolio-frontend  Built
time="2025-12-04T00:08:24+01:00" level=warning msg="The \"GITHUB_TOKEN\" variable is not set. Defaulting to a blank string."
time="2025-12-04T00:08:24+01:00" level=warning msg="/opt/Portfolio/docker-compose.yml: the attribute `version` is obsolete, it will be ignored, please remove it to avoid potential confusion"
 Container portfolio-redis-1  Running
 Container portfolio-backend  Recreate
 Container portfolio-backend  Recreated
 Container portfolio-frontend  Running
 Container portfolio-backend  Starting
 Container portfolio-backend  Started
Deleted Images:
deleted: sha256:d18eac0d003d271975a3d4831a3b3234060f08912b95898c481aa600905391c9

Total reclaimed space: 0B
---- Deploy finished: "2025-12-03T23:08:36Z" ----
---- Deploy started: "2025-12-03T23:20:13Z" ----
HEAD est maintenant à 2be892f fix(auth): omit SameSite in dev to allow cross-origin cookies without HTTPS
time="2025-12-04T00:20:16+01:00" level=warning msg="The \"GITHUB_TOKEN\" variable is not set. Defaulting to a blank string."
time="2025-12-04T00:20:16+01:00" level=warning msg="/opt/Portfolio/docker-compose.yml: the attribute `version` is obsolete, it will be ignored, please remove it to avoid potential confusion"
#1 [internal] load local bake definitions
#1 reading from stdin 917B done
#1 DONE 0.0s

#2 [frontend internal] load build definition from Dockerfile
#2 transferring dockerfile: 841B 0.0s done
#2 DONE 0.1s

#3 [backend internal] load build definition from Dockerfile
#3 transferring dockerfile: 587B 0.0s done
#3 DONE 0.1s

#4 [frontend internal] load metadata for docker.io/library/node:20-bullseye-slim
#4 DONE 1.0s

#5 [frontend internal] load metadata for docker.io/library/nginx:stable-alpine
#5 DONE 1.0s

#6 [backend internal] load .dockerignore
#6 transferring context: 87B 0.0s done
#6 DONE 0.1s

#7 [frontend internal] load .dockerignore
#7 transferring context: 2B done
#7 DONE 0.1s

#8 [frontend base 1/2] FROM docker.io/library/node:20-bullseye-slim@sha256:684568dbcb1ddb438bab4d41944bb00f71810691e691dd1c42d61fc18d90bd03
#8 DONE 0.0s

#9 [frontend production 1/3] FROM docker.io/library/nginx:stable-alpine@sha256:30f1c0d78e0ad60901648be663a710bdadf19e4c10ac6782c235200619158284
#9 DONE 0.0s

#10 [frontend internal] load build context
#10 transferring context: 4.83kB 0.1s done
#10 DONE 0.1s

#11 [backend internal] load build context
#11 transferring context: 3.42kB 0.0s done
#11 DONE 0.1s

#12 [backend deps 2/2] RUN if [ -f package-lock.json ]; then       npm ci --omit=dev;     else       npm install --production --no-audit --no-fund;     fi
#12 CACHED

#13 [backend deps 1/2] COPY package.json package-lock.json* ./
#13 CACHED

#14 [backend base 2/2] WORKDIR /usr/src/app
#14 CACHED

#15 [backend runner 1/2] COPY --from=deps /usr/src/app/node_modules ./node_modules
#15 CACHED

#16 [frontend builder 2/6] WORKDIR /app
#16 CACHED

#17 [frontend builder 5/6] COPY . .
#17 CACHED

#18 [frontend production 2/3] COPY --from=builder /app/dist /usr/share/nginx/html
#18 CACHED

#19 [frontend builder 3/6] COPY package.json package-lock.json* ./
#19 CACHED

#20 [frontend builder 4/6] RUN if [ -f package-lock.json ]; then       npm ci;     else       npm install;     fi
#20 CACHED

#21 [frontend builder 6/6] RUN npm run build
#21 CACHED

#22 [frontend production 3/3] COPY nginx.conf /etc/nginx/conf.d/default.conf
#22 CACHED

#23 [frontend] exporting to image
#23 exporting layers done
#23 writing image sha256:954f9133507a05060798e959a0b7f8df11131e1ee4224e9e99089abb24ea1491 0.0s done
#23 naming to docker.io/library/portfolio-frontend
#23 naming to docker.io/library/portfolio-frontend done
#23 DONE 0.1s

#24 [backend runner 2/2] COPY . .
#24 DONE 0.6s

#25 [frontend] resolving provenance for metadata file
#25 DONE 0.4s

#26 [backend] exporting to image
#26 exporting layers 0.2s done
#26 writing image sha256:0bd9c1cf1c3572e7e78acc312af346aaaf3c4b8105cab5142388f3a9019a96b2 0.0s done
#26 naming to docker.io/library/portfolio-backend 0.0s done
#26 DONE 0.3s

#27 [backend] resolving provenance for metadata file
#27 DONE 0.2s
 portfolio-frontend  Built
 portfolio-backend  Built
time="2025-12-04T00:20:25+01:00" level=warning msg="The \"GITHUB_TOKEN\" variable is not set. Defaulting to a blank string."
time="2025-12-04T00:20:25+01:00" level=warning msg="/opt/Portfolio/docker-compose.yml: the attribute `version` is obsolete, it will be ignored, please remove it to avoid potential confusion"
 Container portfolio-redis-1  Running
 Container portfolio-backend  Recreate
 Container portfolio-backend  Recreated
 Container portfolio-frontend  Running
 Container portfolio-backend  Starting
 Container portfolio-backend  Started
Deleted Images:
deleted: sha256:92300814fc13ba4e7280adb3e4f8bfcadcb398455360f2db27a667b649f7c6c7

Total reclaimed space: 0B
---- Deploy finished: "2025-12-03T23:20:37Z" ----
